// Jest Snapshot v1, https://goo.gl/fbAQLP

exports[`new suite See Snapshot 1`] = `"<h1>Bienvenida a mi Red social</h1>"`;
